// Jest Snapshot v1, https://goo.gl/fbAQLP

exports[`Storyshots Composants/DayMenu Kermit 1`] = `
<div
  className="MuiPaper-root MuiPaper-elevation MuiPaper-rounded MuiPaper-elevation1 MuiCard-root css-bhp9pd-MuiPaper-root-MuiCard-root"
  id="dayMenu-card"
>
  <button
    className="MuiButtonBase-root MuiCardActionArea-root css-b6lsxj-MuiButtonBase-root-MuiCardActionArea-root"
    disabled={false}
    onBlur={[Function]}
    onContextMenu={[Function]}
    onDragLeave={[Function]}
    onFocus={[Function]}
    onKeyDown={[Function]}
    onKeyUp={[Function]}
    onMouseDown={[Function]}
    onMouseLeave={[Function]}
    onMouseUp={[Function]}
    onTouchEnd={[Function]}
    onTouchMove={[Function]}
    onTouchStart={[Function]}
    tabIndex={0}
    type="button"
  >
    <div
      id="card-title"
    >
      <h1>
        2022-04-05
      </h1>
    </div>
    <div
      id="card-content"
    >
      <h2
        className="service-title"
      >
        entr√©e
      </h2>
      <ul>
        <li>
          lasagne
        </li>
        <li>
          polenta
        </li>
      </ul>
      <hr />
      <h2
        className="service-title"
      >
        plat
      </h2>
      <ul>
        <li>
          lasagne
        </li>
        <li>
          polenta
        </li>
      </ul>
      <hr />
      <h2
        className="service-title"
      >
        dessert
      </h2>
      <ul>
        <li>
          lasagne
        </li>
        <li>
          polenta
        </li>
      </ul>
    </div>
    <span
      className="MuiCardActionArea-focusHighlight css-1v2exvi-MuiCardActionArea-focusHighlight"
    />
  </button>
</div>
`;
